<html>
<body>
<pre>
<h1>µVision Build Log</h1>
<h2>Tool Versions:</h2>
IDE-Version: µVision V5.20.0.0
Copyright (C) 2016 ARM Ltd and ARM Germany GmbH. All rights reserved.
License Information: 111 111, 111, LIC=HF8TG-VS21F-48SFA-1AESP-M13V1-KZPPU
 
Tool Versions:
Toolchain:       MDK-ARM Professional  Version: 5.20
Toolchain Path:  C:\Keil_v5\ARM\ARMCC\Bin
C Compiler:      Armcc.exe V5.06 update 2 (build 183)
Assembler:       Armasm.exe V5.06 update 2 (build 183)
Linker/Locator:  ArmLink.exe V5.06 update 2 (build 183)
Library Manager: ArmAr.exe V5.06 update 2 (build 183)
Hex Converter:   FromElf.exe V5.06 update 2 (build 183)
CPU DLL:         SARMCM3.DLL V5.20
Dialog DLL:      DCM.DLL V1.13.7.0
Target DLL:      STLink\ST-LINKIII-KEIL_SWO.dll V2.0.18.0
Dialog DLL:      TCM.DLL V1.14.9.0
 
<h2>Project:</h2>
C:\project\rtos_kotel_lexa_f103c8t6_ds18b20\rtos_kotel_lexa_f103c8t6_ds18b20.uvprojx
Project File Date:  10/15/2018

<h2>Output:</h2>
*** Using Compiler 'V5.06 update 2 (build 183)', folder: 'C:\Keil_v5\ARM\ARMCC\Bin'
Rebuild target 'rtos_kotel_lexa_f103c8t6_ds18b20'
compiling 1wire.c...
source\1wire.c(147): warning:  #177-D: variable "usart_temp" was declared but never referenced
  	uint32_t usart_temp=0;
source\1wire.c: 1 warning, 0 errors
compiling init_hard.c...
compiling croutine.c...
compiling main.c...
source\main.c(94): warning:  #174-D: expression has no effect
  	while(uc_flag_1sec) 
_NOP;
source\main.c(100): warning:  #174-D: expression has no effect
  	while(uc_flag_1sec) 
_NOP;
source\main.c(118): warning:  #174-D: expression has no effect
  	  while(uc_flag_1sec) 
_NOP;
source\main.c(142): warning:  #174-D: expression has no effect
  	while (1) { 
_NOP ;}
source\main.c(142): warning:  #128-D: loop is not reachable
  	while (1) { __NOP ;}
source\main.c(85): warning:  #550-D: variable "error_crc_ds18b20" was set but never used
  	unsigned char ucHim,error_crc_ds18b20=0;
source\main.c: 6 warnings, 0 errors
compiling event_groups.c...
compiling heap_1.c...
compiling list.c...
compiling port.c...
compiling ssd1306.c...
compiling stream_buffer.c...
compiling queue.c...
assembling startup_stm32f10x_md.s...
compiling tasks.c...
compiling timers.c...
compiling system_stm32f10x.c...
linking...
Program Size: Code=5436 RO-data=14996 RW-data=96 ZI-data=2872  
FromELF: creating hex file...
".\Objects\rtos_kotel_lexa_f103c8t6_ds18b20.axf" - 0 Error(s), 7 Warning(s).

<h2>Software Packages used:</h2>

Package Vendor: ARM
                http://www.keil.com/pack/ARM.CMSIS.4.5.0.pack
                ARM::CMSIS:CORE:4.3.0
                CMSIS (Cortex Microcontroller Software Interface Standard)
   * Component: CORE Version: 4.3.0

Package Vendor: Keil
                http://www.keil.com/pack/Keil.STM32F1xx_DFP.2.1.0.pack
                Keil::Device:Startup:1.0.0
                STMicroelectronics STM32F1 Series Device Support, Drivers and Examples
   * Component: Startup Version: 1.0.0

<h2>Collection of Component include folders:</h2>
  C:\project\rtos_kotel_lexa_f103c8t6_ds18b20\RTE
  C:\project\rtos_kotel_lexa_f103c8t6_ds18b20\RTE\Device\STM32F103C8
  C:\Keil_v5\ARM\PACK\ARM\CMSIS\4.5.0\CMSIS\Include
  C:\Keil_v5\ARM\PACK\Keil\STM32F1xx_DFP\2.1.0\Device\Include

<h2>Collection of Component Files used:</h2>

   * Component: ARM::CMSIS:CORE:4.3.0

   * Component: Keil::Device:Startup:1.0.0
      Source file:   Device\Source\ARM\STM32F1xx_OPT.s
      Source file:   Device\Source\ARM\startup_stm32f10x_md.s
      Source file:   Device\Source\system_stm32f10x.c
      Include file:  RTE_Driver\Config\RTE_Device.h
Build Time Elapsed:  00:00:11
</pre>
</body>
</html>
